Traceback (most recent call last):
  File "C:\Users\ludo_\Documents\projets\owner\bot-market\test_tp_tracking_simple.py", line 12, in <module>
    print("=" * 80)
ValueError: I/O operation on closed file.
